13:03:32| Starting to retrieve data from the server
13:03:34| Title : Revenge of the Sith
13:03:34| Director : George Lucas
13:03:34| Producer : Rick McCallum
13:03:34| 
13:03:34| Characters: 34
13:03:35| Luke Skywalker, C-3PO, R2-D2, Darth Vader, Leia Organa, Owen Lars, Beru Whitesun lars, Obi-Wan Kenobi, Anakin Skywalker, Wilhuff Tarkin, Chewbacca, Yoda, Palpatine, Nute Gunray, Padmé Amidala, Ayla Secura, Mace Windu, Ki-Adi-Mundi, Kit Fisto, Eeth Koth, Adi Gallia, Saesee Tiin, Plo Koon, Poggle the Lesser, Luminara Unduli, Dooku, Bail Prestor Organa, R4-P17, Shaak Ti, Grievous, Tarfful, Raymus Antilles, Sly Moore, Tion Medon
13:03:35| 
13:03:35| Planets: 13
13:03:36| Tatooine, Alderaan, Dagobah, Naboo, Coruscant, Utapau, Mustafar, Kashyyyk, Polis Massa, Mygeeto, Felucia, Cato Neimoidia, Saleucami
13:03:36| 
13:03:36| Starships: 12
13:03:37| CR90 corvette, Droid control ship, Jedi starfighter, Trade Federation cruiser, Theta-class T-2c shuttle, Republic attack cruiser, Naboo star skiff, Jedi Interceptor, arc-170, Banking clan frigte, Belbullab-22 starfighter, V-wing
13:03:37| 
13:03:37| Vehicles: 13
13:03:38| Vulture Droid, LAAT/i, AT-TE, Neimoidian shuttle, Tsmeu-6 personal wheel bike, Emergency Firespeeder, Droid tri-fighter, Oevvaor jet catamaran, Raddaugh Gnasp fluttercraft, Clone turbo tank, Corporate Alliance tank droid, Droid gunship, AT-RT
13:03:38| 
13:03:38| Species: 20
13:03:39| Human, Droid, Wookie, Yoda species, Twi lek, Toong, Cerean, Tholothian, Iktotchi, Quermian, Kel Dor, Chagrian, Geonosian, Mirialan, Clawdite, Skakoan, Muun, Togruta, Kaleesh, Pau an
13:03:39| Total Time To complete = 7.09526050
13:03:39| There were 0 calls to the server
